{"f1": 92.43, "word_spotting": 70.94801223241591}
